../Core/Src/bme69x.c:138:8:bme69x_init	24	static
../Core/Src/bme69x.c:171:8:bme69x_set_regs	56	static
../Core/Src/bme69x.c:228:8:bme69x_get_regs	40	static
../Core/Src/bme69x.c:263:8:bme69x_soft_reset	24	static
../Core/Src/bme69x.c:305:8:bme69x_set_conf	32	static
../Core/Src/bme69x.c:380:8:bme69x_get_conf	24	static
../Core/Src/bme69x.c:415:8:bme69x_set_op_mode	24	static
../Core/Src/bme69x.c:452:8:bme69x_get_op_mode	24	static
../Core/Src/bme69x.c:475:10:bme69x_get_meas_dur	48	static
../Core/Src/bme69x.c:525:8:bme69x_get_data	120	static
../Core/Src/bme69x.c:615:8:bme69x_set_heatr_conf	40	static
../Core/Src/bme69x.c:667:8:bme69x_get_heatr_conf	32	static
../Core/Src/bme69x.c:707:15:bme69x_forced_measurement	32	static
../Core/Src/bme69x.c:738:8:bme69x_selftest_check	280	static
../Core/Src/bme69x.c:964:14:calc_temperature	80	static
../Core/Src/bme69x.c:985:14:calc_pressure	176	static
../Core/Src/bme69x.c:1029:14:calc_humidity	128	static
../Core/Src/bme69x.c:1070:14:calc_gas_resistance	32	static
../Core/Src/bme69x.c:1086:16:calc_res_heat	48	static
../Core/Src/bme69x.c:1117:16:calc_gas_wait	24	static
../Core/Src/bme69x.c:1141:15:read_field_data	64	static
../Core/Src/bme69x.c:1220:15:read_all_field_data	128	static
../Core/Src/bme69x.c:1297:15:set_mem_page	32	static
../Core/Src/bme69x.c:1342:15:get_mem_page	32	static
../Core/Src/bme69x.c:1366:15:boundary_check	32	static
../Core/Src/bme69x.c:1390:15:null_ptr_check	24	static
../Core/Src/bme69x.c:1404:15:set_conf	88	static
../Core/Src/bme69x.c:1492:16:calc_heatr_dur_shared	24	static
../Core/Src/bme69x.c:1518:13:sort_sensor_data	24	static
../Core/Src/bme69x.c:1641:13:swap_fields	24	static
../Core/Src/bme69x.c:1651:15:analyze_sensor_data	24	static
../Core/Src/bme69x.c:1699:15:get_calib_data	64	static
../Core/Src/bme69x.c:1788:15:read_variant_id	24	static
