../Drivers/STM32WBxx_HAL_Driver/Inc/stm32wbxx_ll_bus.h:539:22:LL_AHB2_GRP1_EnableClock	1
../Core/Src/main.c:67:1:__io_putchar	1
../Core/Src/main.c:73:22:bme69x_i2c_read	2
../Core/Src/main.c:83:22:bme69x_i2c_write	2
../Core/Src/main.c:92:6:bme69x_delay_us	1
../Core/Src/main.c:101:5:main	7
../Core/Src/main.c:254:6:SystemClock_Config	3
../Core/Src/main.c:300:6:PeriphCommonClock_Config	2
../Core/Src/main.c:324:13:MX_I2C1_Init	4
../Core/Src/main.c:372:13:MX_USART1_UART_Init	5
../Core/Src/main.c:420:13:MX_GPIO_Init	1
../Core/Src/main.c:464:6:Error_Handler	1
