../Drivers/STM32WBxx_HAL_Driver/Inc/stm32wbxx_ll_bus.h:539:22:LL_AHB2_GRP1_EnableClock	24	static
../Core/Src/main.c:67:1:__io_putchar	16	static
../Core/Src/main.c:73:22:bme69x_i2c_read	48	static
../Core/Src/main.c:83:22:bme69x_i2c_write	48	static
../Core/Src/main.c:92:6:bme69x_delay_us	16	static
../Core/Src/main.c:101:5:main	184	static
../Core/Src/main.c:254:6:SystemClock_Config	112	static
../Core/Src/main.c:300:6:PeriphCommonClock_Config	88	static
../Core/Src/main.c:324:13:MX_I2C1_Init	8	static
../Core/Src/main.c:372:13:MX_USART1_UART_Init	8	static
../Core/Src/main.c:420:13:MX_GPIO_Init	32	static
../Core/Src/main.c:464:6:Error_Handler	4	static,ignoring_inline_asm
